[    0.000000] Initializing cgroup subsys cpuset
[    0.000000] Initializing cgroup subsys cpu
[    0.000000] Initializing cgroup subsys cpuacct
[    0.000000] Linux version 4.4.0-186-generic (buildd@lcy01-amd64-002) (gcc version 5.4.0 20160609 (Ubuntu 5.4.0-6ubuntu1~16.04.12) ) #216-Ubuntu SMP Wed Jul 1 05:34:05 UTC 2020 (Ubuntu 4.4.0-186.216-generic 4.4.228)
[    0.000000] Command line: BOOT_IMAGE=/boot/vmlinuz-4.4.0-186-generic root=LABEL=cloudimg-rootfs ro console=tty1 console=ttyS0
[    0.000000] KERNEL supported cpus:
[    0.000000]   Intel GenuineIntel
[    0.000000]   AMD AuthenticAMD
[    0.000000]   Centaur CentaurHauls
[    0.000000] x86/fpu: xstate_offset[2]:  576, xstate_sizes[2]:  256
[    0.000000] x86/fpu: Supporting XSAVE feature 0x01: 'x87 floating point registers'
[    0.000000] x86/fpu: Supporting XSAVE feature 0x02: 'SSE registers'
[    0.000000] x86/fpu: Supporting XSAVE feature 0x04: 'AVX registers'
[    0.000000] x86/fpu: Enabled xstate features 0x7, context size is 832 bytes, using 'standard' format.
[    0.000000] e820: BIOS-provided physical RAM map:
[    0.000000] BIOS-e820: [mem 0x0000000000000000-0x000000000009fbff] usable
[    0.000000] BIOS-e820: [mem 0x000000000009fc00-0x000000000009ffff] reserved
[    0.000000] BIOS-e820: [mem 0x00000000000f0000-0x00000000000fffff] reserved
[    0.000000] BIOS-e820: [mem 0x0000000000100000-0x000000003ffeffff] usable
[    0.000000] BIOS-e820: [mem 0x000000003fff0000-0x000000003fffffff] ACPI data
[    0.000000] BIOS-e820: [mem 0x00000000fec00000-0x00000000fec00fff] reserved
[    0.000000] BIOS-e820: [mem 0x00000000fee00000-0x00000000fee00fff] reserved
[    0.000000] BIOS-e820: [mem 0x00000000fffc0000-0x00000000ffffffff] reserved
[    0.000000] NX (Execute Disable) protection: active
[    0.000000] SMBIOS 2.5 present.
[    0.000000] Hypervisor detected: KVM
[    0.000000] e820: last_pfn = 0x3fff0 max_arch_pfn = 0x400000000
[    0.000000] MTRR: Disabled
[    0.000000] x86/PAT: MTRRs disabled, skipping PAT initialization too.
[    0.000000] CPU MTRRs all blank - virtualized system.
[    0.000000] x86/PAT: Configuration [0-7]: WB  WT  UC- UC  WB  WT  UC- UC  
[    0.000000] found SMP MP-table at [mem 0x0009fff0-0x0009ffff] mapped at [ffff88000009fff0]
[    0.000000] Scanning 1 areas for low memory corruption
[    0.000000] RAMDISK: [mem 0x362e0000-0x37167fff]
[    0.000000] ACPI: Early table checksum verification disabled
[    0.000000] ACPI: RSDP 0x00000000000E0000 000024 (v02 VBOX  )
[    0.000000] ACPI: XSDT 0x000000003FFF0030 00003C (v01 VBOX   VBOXXSDT 00000001 ASL  00000061)
[    0.000000] ACPI: FACP 0x000000003FFF00F0 0000F4 (v04 VBOX   VBOXFACP 00000001 ASL  00000061)
[    0.000000] ACPI: DSDT 0x000000003FFF0470 0022EA (v02 VBOX   VBOXBIOS 00000002 INTL 20100528)
[    0.000000] ACPI: FACS 0x000000003FFF0200 000040
[    0.000000] ACPI: FACS 0x000000003FFF0200 000040
[    0.000000] ACPI: APIC 0x000000003FFF0240 00005C (v02 VBOX   VBOXAPIC 00000001 ASL  00000061)
[    0.000000] ACPI: SSDT 0x000000003FFF02A0 0001CC (v01 VBOX   VBOXCPUT 00000002 INTL 20100528)
[    0.000000] No NUMA configuration found
[    0.000000] Faking a node at [mem 0x0000000000000000-0x000000003ffeffff]
[    0.000000] NODE_DATA(0) allocated [mem 0x3ffeb000-0x3ffeffff]
[    0.000000] kvm-clock: Using msrs 4b564d01 and 4b564d00
[    0.000000] kvm-clock: cpu 0, msr 0:3ffe3001, primary cpu clock
[    0.000000] kvm-clock: using sched offset of 3397210060 cycles
[    0.000000] clocksource: kvm-clock: mask: 0xffffffffffffffff max_cycles: 0x1cd42e4dffb, max_idle_ns: 881590591483 ns
[    0.000000] Zone ranges:
[    0.000000]   DMA      [mem 0x0000000000001000-0x0000000000ffffff]
[    0.000000]   DMA32    [mem 0x0000000001000000-0x000000003ffeffff]
[    0.000000]   Normal   empty
[    0.000000]   Device   empty
[    0.000000] Movable zone start for each node
[    0.000000] Early memory node ranges
[    0.000000]   node   0: [mem 0x0000000000001000-0x000000000009efff]
[    0.000000]   node   0: [mem 0x0000000000100000-0x000000003ffeffff]
[    0.000000] Initmem setup node 0 [mem 0x0000000000001000-0x000000003ffeffff]
[    0.000000] ACPI: PM-Timer IO Port: 0x4008
[    0.000000] IOAPIC[0]: apic_id 2, version 32, address 0xfec00000, GSI 0-23
[    0.000000] ACPI: INT_SRC_OVR (bus 0 bus_irq 0 global_irq 2 dfl dfl)
[    0.000000] ACPI: INT_SRC_OVR (bus 0 bus_irq 9 global_irq 9 low level)
[    0.000000] Using ACPI (MADT) for SMP configuration information
[    0.000000] smpboot: Allowing 2 CPUs, 0 hotplug CPUs
[    0.000000] PM: Registered nosave memory: [mem 0x00000000-0x00000fff]
[    0.000000] PM: Registered nosave memory: [mem 0x0009f000-0x0009ffff]
[    0.000000] PM: Registered nosave memory: [mem 0x000a0000-0x000effff]
[    0.000000] PM: Registered nosave memory: [mem 0x000f0000-0x000fffff]
[    0.000000] e820: [mem 0x40000000-0xfebfffff] available for PCI devices
[    0.000000] Booting paravirtualized kernel on KVM
[    0.000000] clocksource: refined-jiffies: mask: 0xffffffff max_cycles: 0xffffffff, max_idle_ns: 7645519600211568 ns
[    0.000000] setup_percpu: NR_CPUS:512 nr_cpumask_bits:512 nr_cpu_ids:2 nr_node_ids:1
[    0.000000] PERCPU: Embedded 33 pages/cpu @ffff88003fc00000 s95512 r8192 d31464 u1048576
[    0.000000] Built 1 zonelists in Node order, mobility grouping on.  Total pages: 257912
[    0.000000] Policy zone: DMA32
[    0.000000] Kernel command line: BOOT_IMAGE=/boot/vmlinuz-4.4.0-186-generic root=LABEL=cloudimg-rootfs ro console=tty1 console=ttyS0
[    0.000000] PID hash table entries: 4096 (order: 3, 32768 bytes)
[    0.000000] Memory: 997664K/1048120K available (8636K kernel code, 1337K rwdata, 4040K rodata, 1492K init, 1296K bss, 50456K reserved, 0K cma-reserved)
[    0.000000] SLUB: HWalign=64, Order=0-3, MinObjects=0, CPUs=2, Nodes=1
[    0.000000] Kernel/User page tables isolation: enabled
[    0.000000] Hierarchical RCU implementation.
[    0.000000] 	Build-time adjustment of leaf fanout to 64.
[    0.000000] 	RCU restricting CPUs from NR_CPUS=512 to nr_cpu_ids=2.
[    0.000000] RCU: Adjusting geometry for rcu_fanout_leaf=64, nr_cpu_ids=2
[    0.000000] NR_IRQS:33024 nr_irqs:440 16
[    0.000000] Console: colour VGA+ 80x25
[    0.000000] console [tty1] enabled
[    0.000000] console [ttyS0] enabled
[    0.000000] tsc: Detected 2904.000 MHz processor
[    0.107454] Calibrating delay loop (skipped) preset value.. 5808.00 BogoMIPS (lpj=11616000)
[    0.108837] pid_max: default: 32768 minimum: 301
[    0.109717] ACPI: Core revision 20150930
[    0.110988] ACPI: 2 ACPI AML tables successfully acquired and loaded
[    0.112269] Security Framework initialized
[    0.112869] Yama: becoming mindful.
[    0.113420] AppArmor: AppArmor initialized
[    0.114068] Dentry cache hash table entries: 131072 (order: 8, 1048576 bytes)
[    0.115973] Inode-cache hash table entries: 65536 (order: 7, 524288 bytes)
[    0.116976] Mount-cache hash table entries: 2048 (order: 2, 16384 bytes)
[    0.117891] Mountpoint-cache hash table entries: 2048 (order: 2, 16384 bytes)
[    0.118984] Initializing cgroup subsys io
[    0.119732] Initializing cgroup subsys memory
[    0.120485] Initializing cgroup subsys devices
[    0.121171] Initializing cgroup subsys freezer
[    0.121850] Initializing cgroup subsys net_cls
[    0.122528] Initializing cgroup subsys perf_event
[    0.123230] Initializing cgroup subsys net_prio
[    0.123951] Initializing cgroup subsys hugetlb
[    0.124624] Initializing cgroup subsys pids
[    0.126261] mce: CPU supports 0 MCE banks
[    0.126918] Last level iTLB entries: 4KB 128, 2MB 8, 4MB 8
[    0.127794] Last level dTLB entries: 4KB 64, 2MB 0, 4MB 0, 1GB 4
[    0.128706] Spectre V1 : Mitigation: usercopy/swapgs barriers and __user pointer sanitization
[    0.130013] Spectre V2 : Mitigation: Full generic retpoline
[    0.130881] Spectre V2 : Spectre v2 / SpectreRSB mitigation: Filling RSB on context switch
[    0.132393] Speculative Store Bypass: Vulnerable
[    0.133189] SRBDS: Unknown: Dependent on hypervisor status
[    0.134091] MDS: Mitigation: Clear CPU buffers
[    0.137067] Freeing SMP alternatives memory: 36K
[    0.142818] ftrace: allocating 32334 entries in 127 pages
[    0.190873] smpboot: APIC(0) Converting physical 0 to logical package 0
[    0.191977] smpboot: Max logical packages: 1
[    0.192903] x2apic enabled
[    0.193615] Switched APIC routing to physical x2apic.
[    0.195348] ..TIMER: vector=0x30 apic1=0 pin1=2 apic2=-1 pin2=-1
[    0.304381] smpboot: CPU0: Intel(R) Core(TM) i5-9400F CPU @ 2.90GHz (family: 0x6, model: 0x9e, stepping: 0xa)
[    0.306318] Performance Events: unsupported p6 CPU model 158 no PMU driver, software events only.
[    0.314816] KVM setup paravirtual spinlock
[    0.316046] x86: Booting SMP configuration:
[    0.316814] .... node  #0, CPUs:      #1
[    0.317637] kvm-clock: cpu 1, msr 0:3ffe3041, secondary cpu clock
[    0.319173] mce: CPU supports 0 MCE banks
[    0.321658] x86: Booted up 1 node, 2 CPUs
[    0.322644] smpboot: Total of 2 processors activated (11616.00 BogoMIPS)
[    0.324038] devtmpfs: initialized
[    0.325730] evm: security.selinux
[    0.326347] evm: security.SMACK64
[    0.326960] evm: security.SMACK64EXEC
[    0.327638] evm: security.SMACK64TRANSMUTE
[    0.328450] evm: security.SMACK64MMAP
[    0.329165] evm: security.ima
[    0.329732] evm: security.capability
[    0.330592] clocksource: jiffies: mask: 0xffffffff max_cycles: 0xffffffff, max_idle_ns: 7645041785100000 ns
[    0.332253] futex hash table entries: 512 (order: 3, 32768 bytes)
[    0.333410] pinctrl core: initialized pinctrl subsystem
[    0.334403] RTC time: 15:06:40, date: 07/27/20
[    0.335533] NET: Registered protocol family 16
[    0.345595] cpuidle: using governor ladder
[    0.357279] cpuidle: using governor menu
[    0.358044] PCCT header not found.
[    0.358800] ACPI: bus type PCI registered
[    0.359652] acpiphp: ACPI Hot Plug PCI Controller Driver version: 0.5
[    0.360746] PCI: Using configuration type 1 for base access
[    0.373805] ACPI: Added _OSI(Module Device)
[    0.374547] ACPI: Added _OSI(Processor Device)
[    0.375299] ACPI: Added _OSI(3.0 _SCP Extensions)
[    0.376091] ACPI: Added _OSI(Processor Aggregator Device)
[    0.377478] ACPI: Executed 1 blocks of module-level executable AML code
[    0.380043] ACPI: Interpreter enabled
[    0.380755] ACPI: (supports S0 S5)
[    0.381429] ACPI: Using IOAPIC for interrupt routing
[    0.382466] PCI: Using host bridge windows from ACPI; if necessary, use "pci=nocrs" and report a bug
[    0.386634] ACPI: PCI Root Bridge [PCI0] (domain 0000 [bus 00-ff])
[    0.387612] acpi PNP0A03:00: _OSC: OS supports [ASPM ClockPM Segments MSI]
[    0.388981] acpi PNP0A03:00: _OSC: not requesting OS control; OS requires [ExtendedConfig ASPM ClockPM MSI]
[    0.390626] acpi PNP0A03:00: fail to add MMCONFIG information, can't access extended PCI configuration space under this bridge.
[    0.392637] PCI host bridge to bus 0000:00
[    0.393361] pci_bus 0000:00: root bus resource [io  0x0000-0x0cf7 window]
[    0.394405] pci_bus 0000:00: root bus resource [io  0x0d00-0xffff window]
[    0.395446] pci_bus 0000:00: root bus resource [mem 0x000a0000-0x000bffff window]
[    0.396733] pci_bus 0000:00: root bus resource [mem 0x40000000-0xfdffffff window]
[    0.398017] pci_bus 0000:00: root bus resource [bus 00-ff]
[    0.400379] pci 0000:00:01.1: legacy IDE quirk: reg 0x10: [io  0x01f0-0x01f7]
[    0.401462] pci 0000:00:01.1: legacy IDE quirk: reg 0x14: [io  0x03f6]
[    0.402573] pci 0000:00:01.1: legacy IDE quirk: reg 0x18: [io  0x0170-0x0177]
[    0.411074] pci 0000:00:01.1: legacy IDE quirk: reg 0x1c: [io  0x0376]
[    0.422257] pci 0000:00:07.0: quirk: [io  0x4000-0x403f] claimed by PIIX4 ACPI
[    0.423553] pci 0000:00:07.0: quirk: [io  0x4100-0x410f] claimed by PIIX4 SMB
[    0.430132] ACPI: PCI Interrupt Link [LNKA] (IRQs 5 9 10 *11)
[    0.431580] ACPI: PCI Interrupt Link [LNKB] (IRQs 5 9 *10 11)
[    0.433069] ACPI: PCI Interrupt Link [LNKC] (IRQs 5 *9 10 11)
[    0.434512] ACPI: PCI Interrupt Link [LNKD] (IRQs 5 9 10 *11)
[    0.435786] ACPI: Enabled 2 GPEs in block 00 to 07
[    0.436866] vgaarb: setting as boot device: PCI:0000:00:02.0
[    0.437648] vgaarb: device added: PCI:0000:00:02.0,decodes=io+mem,owns=io+mem,locks=none
[    0.438837] vgaarb: loaded
[    0.439391] vgaarb: bridge control possible 0000:00:02.0
[    0.440317] SCSI subsystem initialized
[    0.440972] ACPI: bus type USB registered
[    0.441606] usbcore: registered new interface driver usbfs
[    0.442367] usbcore: registered new interface driver hub
[    0.443113] usbcore: registered new device driver usb
[    0.444017] PCI: Using ACPI for IRQ routing
[    0.444896] NetLabel: Initializing
[    0.445446] NetLabel:  domain hash size = 128
[    0.446096] NetLabel:  protocols = UNLABELED CIPSOv4
[    0.448167] NetLabel:  unlabeled traffic allowed by default
[    0.449134] amd_nb: Cannot enumerate AMD northbridges
[    0.449980] clocksource: Switched to clocksource kvm-clock
[    0.455806] AppArmor: AppArmor Filesystem Enabled
[    0.456631] pnp: PnP ACPI init
[    0.457787] pnp: PnP ACPI: found 3 devices
[    0.467268] clocksource: acpi_pm: mask: 0xffffff max_cycles: 0xffffff, max_idle_ns: 2085701024 ns
[    0.469014] NET: Registered protocol family 2
[    0.469812] TCP established hash table entries: 8192 (order: 4, 65536 bytes)
[    0.470808] TCP bind hash table entries: 8192 (order: 5, 131072 bytes)
[    0.471681] TCP: Hash tables configured (established 8192 bind 8192)
[    0.472538] UDP hash table entries: 512 (order: 2, 16384 bytes)
[    0.473401] UDP-Lite hash table entries: 512 (order: 2, 16384 bytes)
[    0.474308] NET: Registered protocol family 1
[    0.475018] pci 0000:00:00.0: Limiting direct PCI/PCI transfers
[    0.475842] pci 0000:00:01.0: Activating ISA DMA hang workarounds
[    0.476769] Unpacking initramfs...
[    0.649156] Freeing initrd memory: 14880K
[    0.650154] clocksource: tsc: mask: 0xffffffffffffffff max_cycles: 0x29dc05e54fc, max_idle_ns: 440795291716 ns
[    0.651938] platform rtc_cmos: registered platform RTC device (no PNP device found)
[    0.653267] Scanning for low memory corruption every 60 seconds
[    0.654843] audit: initializing netlink subsys (disabled)
[    0.655768] audit: type=2000 audit(1595862405.679:1): initialized
[    0.656907] Initialise system trusted keyring
[    0.657887] HugeTLB registered 2 MB page size, pre-allocated 0 pages
[    0.659844] zbud: loaded
[    0.660799] VFS: Disk quotas dquot_6.6.0
[    0.661503] VFS: Dquot-cache hash table entries: 512 (order 0, 4096 bytes)
[    0.662607] squashfs: version 4.0 (2009/01/31) Phillip Lougher
[    0.663728] fuse init (API version 7.23)
[    0.664509] Key type big_key registered
[    0.665119] Allocating IMA MOK and blacklist keyrings.
[    0.667303] Key type asymmetric registered
[    0.667928] Asymmetric key parser 'x509' registered
[    0.668666] Block layer SCSI generic (bsg) driver version 0.4 loaded (major 249)
[    0.669934] io scheduler noop registered
[    0.670556] io scheduler deadline registered (default)
[    0.671304] io scheduler cfq registered
[    0.671950] pci_hotplug: PCI Hot Plug PCI Core version: 0.5
[    0.672768] pciehp: PCI Express Hot Plug Controller Driver version: 0.4
[    0.673725] ACPI: AC Adapter [AC] (on-line)
[    0.674409] input: Power Button as /devices/LNXSYSTM:00/LNXPWRBN:00/input/input0
[    0.675525] ACPI: Power Button [PWRF]
[    0.676138] input: Sleep Button as /devices/LNXSYSTM:00/LNXSLPBN:00/input/input1
[    0.677295] ACPI: Sleep Button [SLPF]
[    0.678066] GHES: HEST is not enabled!
[    0.678836] Serial: 8250/16550 driver, 32 ports, IRQ sharing enabled
[    0.700175] 00:02: ttyS0 at I/O 0x3f8 (irq = 4, base_baud = 115200) is a 16550A
[    0.704225] Linux agpgart interface v0.103
[    0.706398] loop: module loaded
[    0.707425] scsi host0: ata_piix
[    0.708137] scsi host1: ata_piix
[    0.708850] ata1: PATA max UDMA/33 cmd 0x1f0 ctl 0x3f6 bmdma 0xd000 irq 14
[    0.709954] ata2: PATA max UDMA/33 cmd 0x170 ctl 0x376 bmdma 0xd008 irq 15
[    0.711356] libphy: Fixed MDIO Bus: probed
[    0.712166] tun: Universal TUN/TAP device driver, 1.6
[    0.712998] tun: (C) 1999-2004 Max Krasnyansky <maxk@qualcomm.com>
[    0.714197] PPP generic driver version 2.4.2
[    0.715111] ehci_hcd: USB 2.0 'Enhanced' Host Controller (EHCI) Driver
[    0.716194] ehci-pci: EHCI PCI platform driver
[    0.717025] ehci-platform: EHCI generic platform driver
[    0.717936] ohci_hcd: USB 1.1 'Open' Host Controller (OHCI) Driver
[    0.719176] ohci-pci: OHCI PCI platform driver
[    0.720000] ohci-platform: OHCI generic platform driver
[    0.720827] uhci_hcd: USB Universal Host Controller Interface driver
[    0.721878] i8042: PNP: PS/2 Controller [PNP0303:PS2K,PNP0f03:PS2M] at 0x60,0x64 irq 1,12
[    0.723703] serio: i8042 KBD port at 0x60,0x64 irq 1
[    0.724602] serio: i8042 AUX port at 0x60,0x64 irq 12
[    0.728695] mousedev: PS/2 mouse device common for all mice
[    0.729979] input: AT Translated Set 2 keyboard as /devices/platform/i8042/serio0/input/input2
[    0.731822] rtc_cmos rtc_cmos: rtc core: registered rtc_cmos as rtc0
[    0.732837] rtc_cmos rtc_cmos: alarms up to one day, 114 bytes nvram
[    0.733799] i2c /dev entries driver
[    0.734546] device-mapper: uevent: version 1.0.3
[    0.735499] device-mapper: ioctl: 4.34.0-ioctl (2015-10-28) initialised: dm-devel@redhat.com
[    0.736958] ledtrig-cpu: registered to indicate activity on CPUs
[    0.738405] NET: Registered protocol family 10
[    0.739488] NET: Registered protocol family 17
[    0.740309] Key type dns_resolver registered
[    0.741584] registered taskstats version 1
[    0.742414] Loading compiled-in X.509 certificates
[    0.743702] Loaded X.509 cert 'Build time autogenerated kernel key: cef5e81496c0efa51b848ab539e845ddf31c08be'
[    0.745346] zswap: loaded using pool lzo/zbud
[    0.747814] Key type trusted registered
[    0.751254] Key type encrypted registered
[    0.751982] AppArmor: AppArmor sha1 policy hashing enabled
[    0.753046] ima: No TPM chip found, activating TPM-bypass!
[    0.753937] ima: Allocated hash algorithm: sha1
[    0.754796] evm: HMAC attrs: 0x1
[    0.755696]   Magic number: 12:690:134
[    0.756572] pci 0000:00:03.0: hash matches
[    0.757254] rtc_cmos rtc_cmos: setting system clock to 2020-07-27 15:06:41 UTC (1595862401)
[    0.758642] BIOS EDD facility v0.16 2004-Jun-25, 0 devices found
[    0.759522] EDD information not available.
[    0.872922] Freeing unused kernel memory: 1492K
[    0.873597] Write protecting the kernel read-only data: 14336k
[    0.874742] Freeing unused kernel memory: 1592K
[    0.875547] Freeing unused kernel memory: 56K
Loading, please wait...
starting version 229
[    0.885796] random: systemd-udevd: uninitialized urandom read (16 bytes read, 1 bits of entropy available)
[    0.886193] random: udevadm: uninitialized urandom read (16 bytes read, 1 bits of entropy available)
[    0.886206] random: udevadm: uninitialized urandom read (16 bytes read, 1 bits of entropy available)
[    0.890263] random: systemd-udevd: uninitialized urandom read (16 bytes read, 1 bits of entropy available)
[    0.891792] random: udevadm: uninitialized urandom read (16 bytes read, 1 bits of entropy available)
[    0.891823] random: udevadm: uninitialized urandom read (16 bytes read, 1 bits of entropy available)
[    0.891916] random: udevadm: uninitialized urandom read (16 bytes read, 1 bits of entropy available)
[    0.891951] random: udevadm: uninitialized urandom read (16 bytes read, 1 bits of entropy available)
[    0.891985] random: udevadm: uninitialized urandom read (16 bytes read, 1 bits of entropy available)
[    0.892018] random: udevadm: uninitialized urandom read (16 bytes read, 1 bits of entropy available)
[    0.922535] e1000: Intel(R) PRO/1000 Network Driver - version 7.3.21-k8-NAPI
[    0.923675] e1000: Copyright (c) 1999-2006 Intel Corporation.
[    0.938705] Fusion MPT base driver 3.04.20
[    0.939847] Copyright (c) 1999-2008 LSI Corporation
[    0.950934] AVX2 version of gcm_enc/dec engaged.
[    0.951769] AES CTR mode by8 optimization enabled
[    0.954503] Fusion MPT SPI Host driver 3.04.20
[    1.145215] input: ImExPS/2 Generic Explorer Mouse as /devices/platform/i8042/serio1/input/input4
[    1.269737] e1000 0000:00:03.0 eth0: (PCI:33MHz:32-bit) 02:e5:f9:b1:f5:c2
[    1.270965] e1000 0000:00:03.0 eth0: Intel(R) PRO/1000 Network Connection
[    1.609550] e1000 0000:00:08.0 eth1: (PCI:33MHz:32-bit) 08:00:27:1f:fe:6b
[    1.610655] e1000 0000:00:08.0 eth1: Intel(R) PRO/1000 Network Connection
[    1.612842] e1000 0000:00:03.0 enp0s3: renamed from eth0
[    1.613806] mptbase: ioc0: Initiating bringup
[    1.626889] e1000 0000:00:08.0 enp0s8: renamed from eth1
[    1.686921] ioc0: LSI53C1030 A0: Capabilities={Initiator}
[    2.896174] scsi host2: ioc0: LSI53C1030 A0, FwRev=00000000h, Ports=1, MaxQ=256, IRQ=20
[    3.274851] scsi 2:0:0:0: Direct-Access     VBOX     HARDDISK         1.0  PQ: 0 ANSI: 5
[    3.276040] scsi target2:0:0: Beginning Domain Validation
[    3.277940] scsi target2:0:0: Domain Validation skipping write tests
[    3.278847] scsi target2:0:0: Ending Domain Validation
[    3.279845] scsi target2:0:0: asynchronous
[    3.280940] scsi 2:0:1:0: Direct-Access     VBOX     HARDDISK         1.0  PQ: 0 ANSI: 5
[    3.289532] scsi target2:0:1: Beginning Domain Validation
[    3.291253] scsi target2:0:1: Domain Validation skipping write tests
[    3.292233] scsi target2:0:1: Ending Domain Validation
[    3.293177] scsi target2:0:1: asynchronous
[    3.297766] sd 2:0:0:0: Attached scsi generic sg0 type 0
[    3.298616] sd 2:0:0:0: [sda] 20971520 512-byte logical blocks: (10.7 GB/10.0 GiB)
[    3.299896] sd 2:0:1:0: Attached scsi generic sg1 type 0
[    3.300747] sd 2:0:1:0: [sdb] 20480 512-byte logical blocks: (10.5 MB/10.0 MiB)
[    3.302144] sd 2:0:0:0: [sda] Write Protect is off
[    3.303160] sd 2:0:1:0: [sdb] Write Protect is off
[    3.303871] sd 2:0:0:0: [sda] Incomplete mode parameter data
[    3.304670] sd 2:0:0:0: [sda] Assuming drive cache: write through
[    3.305575] sd 2:0:1:0: [sdb] Incomplete mode parameter data
[    3.306386] sd 2:0:1:0: [sdb] Assuming drive cache: write through
[    3.309303]  sda: sda1
[    3.310613] sd 2:0:0:0: [sda] Attached SCSI disk
[    3.311538] sd 2:0:1:0: [sdb] Attached SCSI disk
Begin: Loading essential drivers ... [    4.564058] md: linear personality registered for level -1
[    4.566746] md: multipath personality registered for level -4
[    4.569386] md: raid0 personality registered for level 0
[    4.572893] md: raid1 personality registered for level 1
[    4.642095] raid6: sse2x1   gen() 14002 MB/s
[    4.710013] raid6: sse2x1   xor() 10165 MB/s
[    4.778320] raid6: sse2x2   gen() 17416 MB/s
[    4.846130] raid6: sse2x2   xor() 11730 MB/s
[    4.914484] raid6: sse2x4   gen() 19901 MB/s
[    4.982286] raid6: sse2x4   xor() 13031 MB/s
[    5.050068] raid6: avx2x1   gen() 24420 MB/s
[    5.118005] raid6: avx2x2   gen() 32409 MB/s
[    5.186745] raid6: avx2x4   gen() 35597 MB/s
[    5.187770] raid6: using algorithm avx2x4 gen() 35597 MB/s
[    5.188726] raid6: using avx2x2 recovery algorithm
[    5.190477] xor: automatically using best checksumming function:
[    5.230295]    avx       : 28743.000 MB/sec
[    5.232010] async_tx: api initialized (async)
[    5.242130] md: raid6 personality registered for level 6
[    5.243048] md: raid5 personality registered for level 5
[    5.243932] md: raid4 personality registered for level 4
[    5.249684] md: raid10 personality registered for level 10
done.
Begin: Running /scripts/init-premount ... done.
Begin: Mounting root file system ... Begin: Running /scripts/local-top ... done.
Begin: Running /scripts/local-premount ... [    5.271911] Btrfs loaded
Scanning for Btrfs filesystems
done.
Warning: fsck not present, so skipping root file system
[    5.292088] EXT4-fs (sda1): mounted filesystem with ordered data mode. Opts: (null)
done.
Begin: Running /scripts/local-bottom ... done.
Begin: Running /scripts/init-bottom ... done.
[    5.366987] systemd[1]: systemd 229 running in system mode. (+PAM +AUDIT +SELINUX +IMA +APPARMOR +SMACK +SYSVINIT +UTMP +LIBCRYPTSETUP +GCRYPT +GNUTLS +ACL +XZ -LZ4 +SECCOMP +BLKID +ELFUTILS +KMOD -IDN)
[    5.370682] systemd[1]: Detected virtualization oracle.
[    5.371575] systemd[1]: Detected architecture x86-64.

Welcome to [1mUbuntu 16.04.6 LTS[0m!

[    5.374990] systemd[1]: Set hostname to <ubuntu-xenial>.
[    5.483672] systemd[1]: Listening on Journal Socket (/dev/log).
[[0;32m  OK  [0m] Listening on Journal Socket (/dev/log).
[    5.485281] systemd[1]: Reached target Swap.
[[0;32m  OK  [0m] Reached target Swap.
[    5.486556] systemd[1]: Listening on LVM2 poll daemon socket.
[[0;32m  OK  [0m] Listening on LVM2 poll daemon socket.
[    5.494679] systemd[1]: Listening on Device-mapper event daemon FIFOs.
[[0;32m  OK  [0m] Listening on Device-mapper event daemon FIFOs.
[    5.496341] systemd[1]: Reached target User and Group Name Lookups.
[[0;32m  OK  [0m] Reached target User and Group Name Lookups.
[    5.497841] systemd[1]: Started Trigger resolvconf update for networkd DNS.
[[0;32m  OK  [0m] Started Trigger resolvconf update for networkd DNS.
[    5.499557] systemd[1]: Listening on /dev/initctl Compatibility Named Pipe.
[[0;32m  OK  [0m] Listening on /dev/initctl Compatibility Named Pipe.
[    5.501291] systemd[1]: Reached target System Time Synchronized.
[[0;32m  OK  [0m] Reached target System Time Synchronized.
[    5.502869] systemd[1]: Listening on LVM2 metadata daemon socket.
[[0;32m  OK  [0m] Listening on LVM2 metadata daemon socket.
[    5.504619] systemd[1]: Listening on Journal Socket.
[[0;32m  OK  [0m] Listening on Journal Socket.
[    5.506310] systemd[1]: Created slice System Slice.
[[0;32m  OK  [0m] Created slice System Slice.
[    5.519097] systemd[1]: Starting Create list of required static device nodes for the current kernel...
         Starting Create list of required st... nodes for the current kernel...
[    5.521692] systemd[1]: Created slice system-serial\x2dgetty.slice.
[[0;32m  OK  [0m] Created slice system-serial\x2dgetty.slice.
[    5.524224] systemd[1]: Mounting Huge Pages File System...
         Mounting Huge Pages File System...
[    5.525979] systemd[1]: Starting Nameserver information manager...
         Starting Nameserver information manager...
[    5.527950] systemd[1]: Starting Remount Root and Kernel File Systems...
         Starting Remount Root and Kernel File Systems...
[    5.531603] systemd[1]: Starting Load Kernel Modules...
         Starting Load Kernel Modules...
[    5.533772] systemd[1]: Starting Monitoring of LVM2 mirrors, snapshots etc. using dmeventd or progress polling...
         Starting Monitor[    5.535524] EXT4-fs (sda1): re-mounted. Opts: (null)
ing of LVM2 mirrors... dmeventd or progress polling...
[    5.537061] systemd[1]: Reached target Encrypted Volumes.
[[0;32m  OK  [0m] Reached target Encrypted Volumes.
[    5.541869] Loading iSCSI transport class v2.0-870.
[    5.546360] systemd[1]: Set up automount Arbitrary Executable File Formats File System Automount Point.
[[0;32m  OK  [0m] Set up automount Arbitrary Executab...ats File System Automount Point.
[    5.550842] iscsi: registered transport (tcp)
[    5.562454] systemd[1]: Mounting POSIX Message Queue File System...
         Mounting POSIX Message Queue File System...
[    5.571066] systemd[1]: Starting Set console keymap...
[    5.572186] iscsi: registered transport (iser)
         Starting Set console keymap...
[    5.578694] systemd[1]: Mounting Debug File System...
         Mounting Debug File System...
[    5.587314] systemd[1]: Starting Uncomplicated firewall...
         Starting Uncomplicated firewall...
[    5.590366] systemd[1]: Listening on Syslog Socket.
[[0;32m  OK  [0m] Listening on Syslog Socket.
[    5.591756] systemd[1]: Listening on Journal Audit Socket.
[[0;32m  OK  [0m] Listening on Journal Audit Socket.
[    5.593634] systemd[1]: Starting Journal Service...
         Starting Journal Service...
[    5.595239] systemd[1]: Listening on udev Control Socket.
[[0;32m  OK  [0m] Listening on udev Control Socket.
[    5.597480] systemd[1]: Created slice User and Session Slice.
[[0;32m  OK  [0m] Created slice User and Session Slice.
[    5.599579] systemd[1]: Reached target Slices.
[[0;32m  OK  [0m] Reached target Slices.
[    5.601001] systemd[1]: Listening on udev Kernel Socket.
[[0;32m  OK  [0m] Listening on udev Kernel Socket.
[    5.602529] systemd[1]: Started Forward Password Requests to Wall Directory Watch.
[[0;32m  OK  [0m] Started Forward Password Requests to Wall Directory Watch.
[    5.605489] systemd[1]: Mounted POSIX Message Queue File System.
[[0;32m  OK  [0m] Mounted POSIX Message Queue File System.
[    5.607347] systemd[1]: Mounted Debug File System.
[[0;32m  OK  [0m] Mounted Debug File System.
[    5.608744] systemd[1]: Mounted Huge Pages File System.
[[0;32m  OK  [0m] Mounted Huge Pages File System.
[    5.610558] systemd[1]: Started Create list of required static device nodes for the current kernel.
[[0;32m  OK  [0m] Started Create list of required sta...ce nodes for the current kernel.
[    5.614409] systemd[1]: Started Remount Root and Kernel File Systems.
[[0;32m  OK  [0m] Started Remount Root and Kernel File Systems.
[    5.616511] systemd[1]: Started Load Kernel Modules.
[[0;32m  OK  [0m] Started Load Kernel Modules.
[    5.618523] systemd[1]: Started Set console keymap.
[[0;32m  OK  [0m] Started Set console keymap.
[    5.620121] systemd[1]: Started Uncomplicated firewall.
[[0;32m  OK  [0m] Started Uncomplicated firewall.
[    5.626763] systemd[1]: Started Nameserver information manager.
[[0;32m  OK  [0m] Started Nameserver information manager.
[    5.635349] systemd[1]: Started Journal Service.
[[0;32m  OK  [0m] Started Journal Service.
[[0;32m  OK  [0m] Started LVM2 metadata daemon.
         Mounting FUSE Control File System...
         Starting Apply Kernel Variables...
         Starting Load/Save Random Seed...
         Starting Flush Journal to Persistent Storage...
         Starting udev Coldplug all Devices...
         Starting Create Static Device Nodes in /dev...
[[0;32m  OK  [0m] Mounted FUSE Control File System.
[[0;32m  OK  [0m] Started Load/Save Random Seed.
[[0;32m  OK  [0m] Started Apply Kernel Variables.
[[0;32m  OK  [0m] Started Flush Journal to Persistent Storage.
[[0;32m  OK  [0m] Started Create Static Device Nodes in /dev.
         Starting udev Kernel Device Manager...
[[0;32m  OK  [0m] Started udev Coldplug all Devices.
[[0;32m  OK  [0m] Started udev Kernel Device Manager.
[[0;32m  OK  [0m] Started Dispatch Password Requests to Console Directory Watch.
[[0;32m  OK  [0m] Found device /dev/ttyS0.
[[0;32m  OK  [0m] Listening on Load/Save RF Kill Switch Status /dev/rfkill Watch.
[[0;32m  OK  [0m] Started Monitoring of LVM2 mirrors,...ng dmeventd or progress polling.
[[0;32m  OK  [0m] Reached target Local File Systems (Pre).
[[0;32m  OK  [0m] Reached target Local File Systems.
         Starting Initial cloud-init job (pre-networking)...
         Starting Set console font and keymap...
         Starting Create Volatile Files and Directories...
         Starting Tell Plymouth To Write Out Runtime Data...
         Starting LSB: AppArmor initialization...
[[0;32m  OK  [0m] Started Create Volatile Files and Directories.
[[0;32m  OK  [0m] Started Tell Plymouth To Write Out Runtime Data.
         Starting Update UTMP about System Boot/Shutdown...
[[0;32m  OK  [0m] Found device 82540EM Gigabit Ethern...r (PRO/1000 MT Desktop Adapter).
[[0;32m  OK  [0m] Started Set console font and keymap.
[[0;32m  OK  [0m] Found device 82540EM Gigabit Ethern...r (PRO/1000 MT Desktop Adapter).
[[0;32m  OK  [0m] Created slice system-getty.slice.
[[0;32m  OK  [0m] Started Update UTMP about System Boot/Shutdown.
[[0;32m  OK  [0m] Started LSB: AppArmor initialization.
         Starting Load AppArmor profiles managed internally by snapd...
[[0;32m  OK  [0m] Started Load AppArmor profiles managed internally by snapd.
[    6.646961] cloud-init[605]: Cloud-init v. 20.2-45-g5f7825e2-0ubuntu1~16.04.1 running 'init-local' at Mon, 27 Jul 2020 15:06:47 +0000. Up 6.44 seconds.
[[0;32m  OK  [0m] Started Initial cloud-init job (pre-networking).
[[0;32m  OK  [0m] Reached target Network (Pre).
         Starting Raise network interfaces...
[[0;32m  OK  [0m] Started ifup for enp0s8.
[[0;32m  OK  [0m] Started ifup for enp0s3.
[[0;32m  OK  [0m] Started Raise network interfaces.
[[0;32m  OK  [0m] Reached target Network.
         Starting Initial cloud-init job (metadata service crawler)...
[    7.188563] cloud-init[1069]: Cloud-init v. 20.2-45-g5f7825e2-0ubuntu1~16.04.1 running 'init' at Mon, 27 Jul 2020 15:06:47 +0000. Up 7.01 seconds.
[    7.196665] cloud-init[1069]: ci-info: ++++++++++++++++++++++++++++++++++++++Net device info+++++++++++++++++++++++++++++++++++++++
[    7.197783] cloud-init[1069]: ci-info: +--------+------+-----------------------------+---------------+--------+-------------------+
[    7.198611] cloud-init[1069]: ci-info: | Device |  Up  |           Address           |      Mask     | Scope  |     Hw-Address    |
[    7.199691] cloud-init[1069]: ci-info: +--------+------+-----------------------------+---------------+--------+-------------------+
[    7.200984] cloud-init[1069]: ci-info: | enp0s3 | True |          10.0.2.15          | 255.255.255.0 | global | 02:e5:f9:b1:f5:c2 |
[    7.202258] cloud-init[1069]: ci-info: | enp0s3 | True |  fe80::e5:f9ff:feb1:f5c2/64 |       .       |  link  | 02:e5:f9:b1:f5:c2 |
[    7.203416] cloud-init[1069]: ci-info: | enp0s8 | True |        192.168.10.100       | 255.255.255.0 | global | 08:00:27:1f:fe:6b |
[    7.204701] cloud-init[1069]: ci-info: | enp0s8 | True | fe80::a00:27ff:fe1f:fe6b/64 |       .       |  link  | 08:00:27:1f:fe:6b |
[    7.209396] cloud-init[1069]: ci-info: |   lo   | True |          127.0.0.1          |   255.0.0.0   |  host  |         .         |
[    7.210607] cloud-init[1069]: ci-info: |   lo   | True |           ::1/128           |       .       |  host  |         .         |
[    7.211881] cloud-init[1069]: ci-info: +--------+------+-----------------------------+---------------+--------+-------------------+
[    7.216193] cloud-init[1069]: ci-info: ++++++++++++++++++++++++++++Route IPv4 info++++++++++++++++++++++++++++
[    7.217300] cloud-init[1069]: ci-info: +-------+--------------+----------+---------------+-----------+-------+
[    7.221611] cloud-init[1069]: ci-info: | Route | Destination  | Gateway  |    Genmask    | Interface | Flags |
[    7.228939] cloud-init[1069]: ci-info: +-------+--------------+----------+---------------+-----------+-------+
[    7.236801] [cloud-init[0;32m  OK  [0m[1069]: ] ci-info: |   0   |   0.0.0.0    | 10.0.2.2 |    0.0.0.0    |   enp0s3  |   UG  |Started Initial cloud-init job (metadata service crawler).

[    7.237329] [cloud-init[0;32m  OK  [0m[1069]: ] ci-info: |   1   |   10.0.2.0   | 0.0.0.0  | 255.255.255.0 |   enp0s3  |   U   |Reached target Network is Online.

[    7.238885] cloud-init[1069]: ci-info: |   2   | 192.168.10.0 | 0.0.0.0  | 255.255.255.0 |   enp0s8  |   U   |
[    7.239985] cloud-init[1069]: ci-info: +-------+--------------+----------+---------------+-----------+-------+
[    7.241084] cloud-init[1069]: ci-info: +++++++++++++++++++Route IPv6 info+++++++++++++++++++
[    7.242038] cloud-init[1069]: ci-info: +-------+-------------+---------+-----------+-------+
[    7.243010] cloud-init[1069]: ci-info: | Route | Destination | Gateway | Interface | Flags |
[    7.244019] cloud-init[1069]: ci-info: +-------+-------------+---------+-----------+-------+
[    7.244875] cloud-init[1069]: ci-info: |   0   |  fe80::/64  |    ::   |   enp0s8  |   U   |
[    7.245881] cloud-init[1069]: ci-info: |   1   |  fe80::/64  |    ::   |   enp0s3  |   U   |
[    7.246868] cloud-init[1069]: ci-info: |   4   |   ff00::/8  |    ::   |   enp0s8  |   U   |
[    7.247633] cloud-init[1069]: ci-info: |   5   |   ff00::/8  |    ::   |   enp0s3  |   U   |
[    7.256575]          cloud-initStarting iSCSI initiator daemon (iscsid)...[1069]: 
ci-info: +-------+-------------+---------+-----------+-------+
[[0;32m  OK  [0m] Reached target System Initialization.
         Starting LXD - unix socket.
[[0;32m  OK  [0m] Listening on UUID daemon activation socket.
[[0;32m  OK  [0m] Started Daily Cleanup of Temporary Directories.
[[0;32m  OK  [0m] Started Daily apt download activities.
[[0;32m  OK  [0m] Started ACPI Events Check.
[[0;32m  OK  [0m] Reached target Paths.
[[0;32m  OK  [0m] Started Daily apt upgrade and clean activities.
[[0;32m  OK  [0m] Listening on ACPID Listen Socket.
[[0;32m  OK  [0m] Started Message of the Day.
[[0;32m  OK  [0m] Reached target Timers.
[[0;32m  OK  [0m] Listening on D-Bus System Message Bus Socket.
         Starting Socket activation for snappy daemon.
[[0;32m  OK  [0m] Reached target Cloud-config availability.
[[0;32m  OK  [0m] Listening on LXD - unix socket.
[[0;32m  OK  [0m] Listening on Socket activation for snappy daemon.
[[0;32m  OK  [0m] Reached target Sockets.
[[0;32m  OK  [0m] Reached target Basic System.
[[0;32m  OK  [0m] Started ACPI event daemon.
         Starting LSB: Record successful boot for GRUB...
[[0;32m  OK  [0m] Started FUSE filesystem for LXC.
         Starting Login Service...
[[0;32m  OK  [0m] Started Regular background program processing daemon.
[[0;32m  OK  [0m] Started Deferred execution scheduler.
         Starting OpenBSD Secure Shell server...
         Starting Virtualbox guest utils...
         Starting Snap Daemon...
         Starting System Logging Service...
[[0;32m  OK  [0m] Started D-Bus System Message Bus.
         Starting LSB: MD monitoring daemon...
         Starting /etc/rc.local Compatibility...
         Starting A high performance web server and a reverse proxy server...
         Starting Accounts Service...
         Starting LXD - container startup/shutdown...
[[0;32m  OK  [0m] Started System Logging Service.
[[0;32m  OK  [0m] Started iSCSI initiator daemon (iscsid).
[[0;32m  OK  [0m] Started /etc/rc.local Compatibility.
         Starting Login to default iSCSI targets...
[[0;32m  OK  [0m] Started OpenBSD Secure Shell server.
[[0;32m  OK  [0m] Started LSB: Record successful boot for GRUB.
[[0;32m  OK  [0m] Started Login Service.
[[0;32m  OK  [0m] Started LSB: MD monitoring daemon.
[[0;32m  OK  [0m] Started Unattended Upgrades Shutdown.
         Starting Authenticate and Authorize Users to Run Privileged Tasks...
[[0;32m  OK  [0m] Started Login to default iSCSI targets.
[[0;32m  OK  [0m] Reached target Remote File Systems (Pre).
[[0;32m  OK  [0m] Reached target Remote File Systems.
         Starting LSB: daemon to balance interrupts for SMP systems...
         Starting LSB: Set the CPU Frequency Scaling governor to "ondemand"...
         Starting LSB: automatic crash report generation...
         Starting Permit User Sessions...
[[0;32m  OK  [0m] Started Virtualbox guest utils.
[[0;32m  OK  [0m] Started Authenticate and Authorize Users to Run Privileged Tasks.
[[0;32m  OK  [0m] Started Accounts Service.
[[0;32m  OK  [0m] Started LSB: Set the CPU Frequency Scaling governor to "ondemand".
[[0;32m  OK  [0m] Started Permit User Sessions.
[[0;32m  OK  [0m] Started A high performance web server and a reverse proxy server.
[[0;32m  OK  [0m] Started LSB: daemon to balance interrupts for SMP systems.
         Starting Terminate Plymouth Boot Screen...
         Starting Hold until boot process finishes up...
[[0;32m  OK  [0m] Started LXD - container startup/shutdown.
[[0;32m  OK  [0m] Started Terminate Plymouth Boot Screen.
[[0;32m  OK  [0m] Started Hold until boot process finishes up.
[[0;32m  OK  [0m] Started Getty on tty1.
[[0;32m  OK  [0m] Started Serial Getty on ttyS0.
[[0;32m  OK  [0m] Reached target Login Prompts.
         Starting Set console scheme...
[[0;32m  OK  [0m] Started LSB: automatic crash report generation.
[[0;32m  OK  [0m] Started Set console scheme.
[[0;32m  OK  [0m] Started Snap Daemon.
         Starting Wait until snapd is fully seeded...
[[0;32m  OK  [0m] Started Wait until snapd is fully seeded.
         Starting Apply the settings specified in cloud-config...
[[0;32m  OK  [0m] Reached target Multi-User System.
[[0;32m  OK  [0m] Reached target Graphical Interface.
         Starting Update UTMP about System Runlevel Changes...
[[0;32m  OK  [0m] Started Update UTMP about System Runlevel Changes.
[    8.009389] cloud-init[1341]: Cloud-init v. 20.2-45-g5f7825e2-0ubuntu1~16.04.1 running 'modules:config' at Mon, 27 Jul 2020 15:06:48 +0000. Up 7.92 seconds.
[[0;32m  OK  [0m] Started Apply the settings specified in cloud-config.
         Starting Execute cloud user/final scripts...
[    8.294819] cloud-init[1353]: Cloud-init v. 20.2-45-g5f7825e2-0ubuntu1~16.04.1 running 'modules:final' at Mon, 27 Jul 2020 15:06:49 +0000. Up 8.23 seconds.
[    8.300393] cloud-init[1353]: Cloud-init v. 20.2-45-g5f7825e2-0ubuntu1~16.04.1 finished at Mon, 27 Jul 2020 15:06:49 +0000. Datasource DataSourceNoCloud [seed=/dev/sdb][dsmode=net].  Up 8.29 seconds
[[0;32m  OK  [0m] Started Execute cloud user/final scripts.
[[0;32m  OK  [0m] Reached target Cloud-init target.


Ubuntu 16.04.6 LTS ubuntu-xenial ttyS0

ubuntu-xenial login: 